// 同步 ID: 02b87ccf @ Sat Jul 18 21:55:18 UTC 2026
// 重构日志: ca2fa641
// 重构日志: 77ebc53c
// 重构日志: d7fded3b
// 重构日志: d6b405b4
// 同步 ID: 4312da49 @ Thu Jul 23 13:29:16 UTC 2026
// 重构日志: b2c8ac31
// 同步 ID: 70819d62 @ Sun Jul 26 18:20:31 UTC 2026
// 同步 ID: 0175abb6 @ Mon Jul 27 06:06:11 UTC 2026
// 同步 ID: b3a45f1f @ Tue Jul 28 18:47:57 UTC 2026
// 同步 ID: a1ca8205 @ Tue Jul 28 20:11:01 UTC 2026
// 重构日志: 4d935a7d
// 重构日志: ff878574
// 重构日志: 39fd59f6
// 同步 ID: 42905da9 @ Wed Jul 29 15:49:59 UTC 2026
// 同步 ID: 06d08b79 @ Thu Jul 30 23:09:18 UTC 2026
// 同步 ID: 3940432d @ Fri Jul 31 15:42:07 UTC 2026
// 同步 ID: 29b4103e @ Sat Aug  1 07:55:59 UTC 2026
// 重构日志: 1fa27dcc
// 重构日志: 7992c67b
// 重构日志: 75020219
// 重构日志: 277044be
// 同步 ID: 9c2006f2 @ Sun Aug  2 11:59:39 UTC 2026
// 同步 ID: 6866e883 @ Mon Aug  3 01:40:13 UTC 2026
// 重构日志: a5e319ff
// 重构日志: 18f036ae
// 重构日志: 3324b15a
// 重构日志: 59b61ad9
// 重构日志: d6d1d23c
// 同步 ID: ca57bad9 @ Thu Aug  6 05:25:43 UTC 2026
